=== Jul gRPC soak ===
Mode:      transcoding
Duration:  8h0m0s
Workers:   20
Target:    127.0.0.1:8092
Fail-every: 0

  req=144649 err=0 grpcErr=0 avg=4142µs
  req=289465 err=0 grpcErr=0 avg=4140µs
  req=401527 err=0 grpcErr=0 avg=4476µs
  req=531183 err=0 grpcErr=0 avg=4512µs
  req=665745 err=0 grpcErr=0 avg=4500µs
  req=788053 err=0 grpcErr=0 avg=4562µs
  req=921825 err=0 grpcErr=0 avg=4550µs
  req=1060075 err=0 grpcErr=0 avg=4522µs
  req=1199773 err=0 grpcErr=0 avg=4494µs
  req=1327186 err=0 grpcErr=0 avg=4514µs
  req=1439451 err=0 grpcErr=0 avg=4579µs
  req=1536899 err=0 grpcErr=0 avg=4677µs
  req=1624223 err=0 grpcErr=0 avg=4796µs
  req=1722581 err=0 grpcErr=0 avg=4870µs
  req=1830742 err=0 grpcErr=0 avg=4909µs
  req=1948539 err=0 grpcErr=0 avg=4920µs
  req=2063114 err=0 grpcErr=0 avg=4937µs
  req=2185700 err=0 grpcErr=0 avg=4934µs
  req=2319614 err=0 grpcErr=0 avg=4908µs
  req=2449510 err=0 grpcErr=0 avg=4892µs
  req=2583164 err=0 grpcErr=0 avg=4871µs
  req=2715796 err=0 grpcErr=0 avg=4854µs
  req=2847419 err=0 grpcErr=0 avg=4840µs
  req=2975808 err=0 grpcErr=0 avg=4832µs
  req=3095560 err=0 grpcErr=0 avg=4839µs
  req=3222124 err=0 grpcErr=0 avg=4835µs
  req=3354035 err=0 grpcErr=0 avg=4823µs
  req=3491577 err=0 grpcErr=0 avg=4805µs
  req=3631058 err=0 grpcErr=0 avg=4785µs
  req=3771763 err=0 grpcErr=0 avg=4766µs
  req=3905137 err=0 grpcErr=0 avg=4756µs
  req=4030714 err=0 grpcErr=0 avg=4757µs
  req=4097304 err=0 grpcErr=0 avg=4826µs
  req=4102790 err=0 grpcErr=0 avg=4965µs
  req=4107855 err=0 grpcErr=0 avg=5105µs
  req=4110726 err=0 grpcErr=0 avg=5247µs
  req=4115544 err=0 grpcErr=0 avg=5387µs
  req=4121002 err=0 grpcErr=0 avg=5525µs
  req=4125429 err=0 grpcErr=0 avg=5664µs
  req=4130763 err=0 grpcErr=0 avg=5803µs
  req=4136427 err=0 grpcErr=0 avg=5940µs
  req=4146812 err=0 grpcErr=0 avg=6070µs
  req=4206280 err=0 grpcErr=0 avg=6127µs
  req=4314172 err=0 grpcErr=0 avg=6112µs
  req=4431416 err=0 grpcErr=0 avg=6086µs
  req=4558686 err=0 grpcErr=0 avg=6048µs
  req=4683429 err=0 grpcErr=0 avg=6014µs
  req=4817328 err=0 grpcErr=0 avg=5972µs
  req=4943180 err=0 grpcErr=0 avg=5941µs
  req=5094223 err=0 grpcErr=0 avg=5882µs
  req=5234677 err=0 grpcErr=0 avg=5839µs
  req=5375704 err=0 grpcErr=0 avg=5797µs
  req=5520463 err=0 grpcErr=0 avg=5754µs
  req=5656724 err=0 grpcErr=0 avg=5721µs
  req=5804064 err=0 grpcErr=0 avg=5679µs
  req=5935068 err=0 grpcErr=0 avg=5655µs
  req=6078579 err=0 grpcErr=0 avg=5620µs
  req=6237121 err=0 grpcErr=0 avg=5573µs
  req=6384549 err=0 grpcErr=0 avg=5538µs
  req=6540502 err=0 grpcErr=0 avg=5498µs
  req=6689291 err=0 grpcErr=0 avg=5465µs
  req=6841462 err=0 grpcErr=0 avg=5431µs
  req=6988470 err=0 grpcErr=0 avg=5402µs
  req=7134091 err=0 grpcErr=0 avg=5376µs
  req=7284796 err=0 grpcErr=0 avg=5347µs
  req=7417570 err=0 grpcErr=0 avg=5332µs
  req=7552918 err=0 grpcErr=0 avg=5316µs
  req=7696480 err=0 grpcErr=0 avg=5295µs
  req=7833075 err=0 grpcErr=0 avg=5279µs
  req=7970706 err=0 grpcErr=0 avg=5263µs
  req=8115026 err=0 grpcErr=0 avg=5243µs
  req=8255991 err=0 grpcErr=0 avg=5226µs
  req=8375591 err=0 grpcErr=0 avg=5223µs
  req=8510693 err=0 grpcErr=0 avg=5211µs
  req=8635711 err=0 grpcErr=0 avg=5204µs
  req=8692351 err=0 grpcErr=0 avg=5233µs
  req=8697071 err=0 grpcErr=0 avg=5305µs
  req=8701234 err=0 grpcErr=0 avg=5371µs
  req=8705948 err=0 grpcErr=0 avg=5438µs
  req=8722580 err=0 grpcErr=0 avg=5496µs
  req=8728195 err=0 grpcErr=0 avg=5561µs
  req=8733789 err=0 grpcErr=0 avg=5627µs
  req=8739508 err=0 grpcErr=0 avg=5692µs
  req=8745453 err=0 grpcErr=0 avg=5756µs
  req=8751241 err=0 grpcErr=0 avg=5821µs
  req=8756191 err=0 grpcErr=0 avg=5886µs
  req=8761940 err=0 grpcErr=0 avg=5951µs
  req=8766881 err=0 grpcErr=0 avg=6016µs
  req=8772882 err=0 grpcErr=0 avg=6080µs
  req=8778896 err=0 grpcErr=0 avg=6144µs
  req=8784220 err=0 grpcErr=0 avg=6209µs
  req=8789481 err=0 grpcErr=0 avg=6273µs
  req=8795177 err=0 grpcErr=0 avg=6337µs
  req=8801257 err=0 grpcErr=0 avg=6401µs
  req=8807288 err=0 grpcErr=0 avg=6465µs
  req=8813128 err=0 grpcErr=0 avg=6528µs
  req=8819519 err=0 grpcErr=0 avg=6592µs
  req=8825358 err=0 grpcErr=0 avg=6656µs
  req=8831455 err=0 grpcErr=0 avg=6719µs
  req=8837567 err=0 grpcErr=0 avg=6782µs
  req=8843785 err=0 grpcErr=0 avg=6845µs
  req=8849977 err=0 grpcErr=0 avg=6908µs
  req=8856106 err=0 grpcErr=0 avg=6971µs
  req=8862813 err=0 grpcErr=0 avg=7033µs
  req=8868799 err=0 grpcErr=0 avg=7097µs
  req=8874059 err=0 grpcErr=0 avg=7160µs
  req=8879506 err=0 grpcErr=0 avg=7223µs
  req=8883832 err=0 grpcErr=0 avg=7286µs
  req=8889874 err=0 grpcErr=0 avg=7350µs
  req=8894857 err=0 grpcErr=0 avg=7413µs
  req=8901134 err=0 grpcErr=0 avg=7475µs
  req=8906169 err=0 grpcErr=0 avg=7538µs
  req=8911768 err=0 grpcErr=0 avg=7601µs
  req=8916717 err=0 grpcErr=0 avg=7664µs
  req=8922194 err=0 grpcErr=0 avg=7726µs
  req=8927794 err=0 grpcErr=0 avg=7789µs
  req=8933418 err=0 grpcErr=0 avg=7851µs
  req=8938838 err=0 grpcErr=0 avg=7913µs
  req=8944199 err=0 grpcErr=0 avg=7976µs
  req=8949801 err=0 grpcErr=0 avg=8038µs
  req=8955648 err=0 grpcErr=0 avg=8100µs
  req=8960923 err=0 grpcErr=0 avg=8162µs
  req=8966166 err=0 grpcErr=0 avg=8224µs
  req=8971305 err=0 grpcErr=0 avg=8286µs
  req=8986558 err=0 grpcErr=0 avg=8339µs
  req=8992165 err=0 grpcErr=0 avg=8400µs
  req=8996795 err=0 grpcErr=0 avg=8462µs
  req=9002934 err=0 grpcErr=0 avg=8523µs
  req=9008786 err=0 grpcErr=0 avg=8584µs
  req=9014478 err=0 grpcErr=0 avg=8646µs
  req=9020608 err=0 grpcErr=0 avg=8706µs
  req=9026049 err=0 grpcErr=0 avg=8767µs
  req=9032454 err=0 grpcErr=0 avg=8828µs
  req=9038268 err=0 grpcErr=0 avg=8888µs
  req=9044551 err=0 grpcErr=0 avg=8948µs
  req=9050268 err=0 grpcErr=0 avg=9009µs
  req=9055984 err=0 grpcErr=0 avg=9069µs
  req=9061675 err=0 grpcErr=0 avg=9130µs
  req=9067637 err=0 grpcErr=0 avg=9190µs
  req=9074122 err=0 grpcErr=0 avg=9250µs
  req=9079760 err=0 grpcErr=0 avg=9310µs
  req=9084891 err=0 grpcErr=0 avg=9371µs
  req=9091299 err=0 grpcErr=0 avg=9430µs
  req=9096983 err=0 grpcErr=0 avg=9490µs
  req=9102929 err=0 grpcErr=0 avg=9550µs
  req=9109525 err=0 grpcErr=0 avg=9609µs
  req=9115946 err=0 grpcErr=0 avg=9668µs
  req=9122209 err=0 grpcErr=0 avg=9727µs
  req=9128781 err=0 grpcErr=0 avg=9785µs
  req=9134705 err=0 grpcErr=0 avg=9845µs
  req=9139921 err=0 grpcErr=0 avg=9905µs
  req=9146318 err=0 grpcErr=0 avg=9964µs
  req=9151773 err=0 grpcErr=0 avg=10023µs
  req=9157131 err=0 grpcErr=0 avg=10083µs
  req=9179678 err=0 grpcErr=0 avg=10124µs
  req=9264869 err=0 grpcErr=0 avg=10095µs
  req=9424305 err=0 grpcErr=0 avg=9988µs
  req=9596748 err=0 grpcErr=0 avg=9871µs
  req=9755591 err=0 grpcErr=0 avg=9772µs
  req=9918629 err=0 grpcErr=0 avg=9671µs
  req=10047300 err=0 grpcErr=0 avg=9607µs
  req=10187094 err=0 grpcErr=0 avg=9534µs
  req=10316725 err=0 grpcErr=0 avg=9472µs
  req=10437435 err=0 grpcErr=0 avg=9420µs
  req=10571021 err=0 grpcErr=0 avg=9358µs
  req=10702722 err=0 grpcErr=0 avg=9299µs
  req=10815818 err=0 grpcErr=0 avg=9257µs
  req=10954712 err=0 grpcErr=0 avg=9194µs
  req=11086325 err=0 grpcErr=0 avg=9139µs
  req=11210945 err=0 grpcErr=0 avg=9091µs
  req=11343568 err=0 grpcErr=0 avg=9038µs
  req=11485799 err=0 grpcErr=0 avg=8978µs
  req=11626254 err=0 grpcErr=0 avg=8921µs
  req=11765207 err=0 grpcErr=0 avg=8866µs
  req=11895675 err=0 grpcErr=0 avg=8820µs
  req=12017500 err=0 grpcErr=0 avg=8780µs
  req=12156687 err=0 grpcErr=0 avg=8729µs
  req=12290989 err=0 grpcErr=0 avg=8682µs
  req=12423080 err=0 grpcErr=0 avg=8638µs
  req=12547138 err=0 grpcErr=0 avg=8600µs
  req=12659612 err=0 grpcErr=0 avg=8571µs
  req=12762286 err=0 grpcErr=0 avg=8549µs
  req=12884679 err=0 grpcErr=0 avg=8515µs
  req=13026667 err=0 grpcErr=0 avg=8468µs
  req=13160106 err=0 grpcErr=0 avg=8427µs
  req=13295433 err=0 grpcErr=0 avg=8387µs
  req=13437517 err=0 grpcErr=0 avg=8343µs
  req=13574697 err=0 grpcErr=0 avg=8302µs
  req=13698947 err=0 grpcErr=0 avg=8271µs
  req=13827892 err=0 grpcErr=0 avg=8237µs
  req=13950882 err=0 grpcErr=0 avg=8207µs
  req=14057932 err=0 grpcErr=0 avg=8188µs
  req=14181316 err=0 grpcErr=0 avg=8159µs
  req=14316640 err=0 grpcErr=0 avg=8123µs
  req=14442409 err=0 grpcErr=0 avg=8094µs
  req=14570491 err=0 grpcErr=0 avg=8064µs
  req=14712231 err=0 grpcErr=0 avg=8027µs
  req=14848751 err=0 grpcErr=0 avg=7994µs
  req=14984291 err=0 grpcErr=0 avg=7961µs
  req=15117252 err=0 grpcErr=0 avg=7931µs
  req=15258265 err=0 grpcErr=0 avg=7897µs
  req=15396322 err=0 grpcErr=0 avg=7865µs
  req=15524014 err=0 grpcErr=0 avg=7839µs
  req=15663208 err=0 grpcErr=0 avg=7807µs
  req=15802750 err=0 grpcErr=0 avg=7776µs
  req=15943580 err=0 grpcErr=0 avg=7745µs
  req=16086359 err=0 grpcErr=0 avg=7714µs
  req=16223196 err=0 grpcErr=0 avg=7686µs
  req=16361793 err=0 grpcErr=0 avg=7657µs
  req=16500767 err=0 grpcErr=0 avg=7629µs
  req=16643200 err=0 grpcErr=0 avg=7600µs
  req=16773479 err=0 grpcErr=0 avg=7576µs
  req=16913077 err=0 grpcErr=0 avg=7549µs
  req=17053885 err=0 grpcErr=0 avg=7522µs
  req=17193748 err=0 grpcErr=0 avg=7496µs
  req=17327502 err=0 grpcErr=0 avg=7473µs
  req=17441645 err=0 grpcErr=0 avg=7458µs
  req=17565787 err=0 grpcErr=0 avg=7439µs
  req=17679014 err=0 grpcErr=0 avg=7426µs
  req=17780399 err=0 grpcErr=0 avg=7417µs
  req=17901405 err=0 grpcErr=0 avg=7400µs
  req=18023657 err=0 grpcErr=0 avg=7383µs
  req=18142933 err=0 grpcErr=0 avg=7368µs
  req=18264104 err=0 grpcErr=0 avg=7352µs
  req=18386872 err=0 grpcErr=0 avg=7335µs
  req=18516051 err=0 grpcErr=0 avg=7316µs
  req=18648431 err=0 grpcErr=0 avg=7297µs
  req=18776271 err=0 grpcErr=0 avg=7279µs
  req=18892535 err=0 grpcErr=0 avg=7266µs
  req=19026940 err=0 grpcErr=0 avg=7246µs
  req=19162804 err=0 grpcErr=0 avg=7226µs
  req=19284011 err=0 grpcErr=0 avg=7212µs
  req=19421405 err=0 grpcErr=0 avg=7191µs
  req=19546862 err=0 grpcErr=0 avg=7176µs
  req=19665768 err=0 grpcErr=0 avg=7163µs
  req=19798549 err=0 grpcErr=0 avg=7145µs
  req=19918174 err=0 grpcErr=0 avg=7132µs
  req=20045338 err=0 grpcErr=0 avg=7117µs
  req=20184085 err=0 grpcErr=0 avg=7098µs
  req=20295374 err=0 grpcErr=0 avg=7088µs
  req=20418933 err=0 grpcErr=0 avg=7075µs
  req=20557020 err=0 grpcErr=0 avg=7056µs
  req=20697038 err=0 grpcErr=0 avg=7038µs
  req=20833842 err=0 grpcErr=0 avg=7020µs
  req=20936616 err=0 grpcErr=0 avg=7014µs
  req=21055847 err=0 grpcErr=0 avg=7003µs
  req=21160354 err=0 grpcErr=0 avg=6997µs
  req=21297361 err=0 grpcErr=0 avg=6980µs
  req=21419808 err=0 grpcErr=0 avg=6968µs
  req=21546948 err=0 grpcErr=0 avg=6955µs
  req=21683690 err=0 grpcErr=0 avg=6938µs
  req=21820889 err=0 grpcErr=0 avg=6922µs
  req=21959610 err=0 grpcErr=0 avg=6906µs
  req=22095258 err=0 grpcErr=0 avg=6891µs
  req=22229860 err=0 grpcErr=0 avg=6876µs
  req=22367913 err=0 grpcErr=0 avg=6860µs
  req=22500877 err=0 grpcErr=0 avg=6846µs
  req=22629941 err=0 grpcErr=0 avg=6834µs
  req=22759167 err=0 grpcErr=0 avg=6821µs
  req=22895733 err=0 grpcErr=0 avg=6807µs
  req=23028832 err=0 grpcErr=0 avg=6793µs
  req=23153790 err=0 grpcErr=0 avg=6783µs
  req=23278769 err=0 grpcErr=0 avg=6772µs
  req=23417162 err=0 grpcErr=0 avg=6757µs
  req=23554555 err=0 grpcErr=0 avg=6743µs
  req=23687545 err=0 grpcErr=0 avg=6731µs
  req=23825136 err=0 grpcErr=0 avg=6717µs
  req=23949489 err=0 grpcErr=0 avg=6707µs
  req=24081738 err=0 grpcErr=0 avg=6695µs
  req=24211621 err=0 grpcErr=0 avg=6684µs
  req=24348849 err=0 grpcErr=0 avg=6671µs
  req=24483997 err=0 grpcErr=0 avg=6659µs
  req=24613491 err=0 grpcErr=0 avg=6648µs
  req=24744963 err=0 grpcErr=0 avg=6637µs
  req=24878017 err=0 grpcErr=0 avg=6626µs
  req=25011448 err=0 grpcErr=0 avg=6614µs
  req=25141461 err=0 grpcErr=0 avg=6604µs
  req=25263349 err=0 grpcErr=0 avg=6596µs
  req=25397356 err=0 grpcErr=0 avg=6584µs
  req=25505881 err=0 grpcErr=0 avg=6580µs
  req=25609879 err=0 grpcErr=0 avg=6577µs
  req=25742067 err=0 grpcErr=0 avg=6566µs
  req=25865497 err=0 grpcErr=0 avg=6558µs
  req=25997508 err=0 grpcErr=0 avg=6548µs
  req=26128567 err=0 grpcErr=0 avg=6538µs
  req=26267727 err=0 grpcErr=0 avg=6526µs
  req=26403751 err=0 grpcErr=0 avg=6515µs
  req=26544555 err=0 grpcErr=0 avg=6503µs
  req=26675897 err=0 grpcErr=0 avg=6493µs
  req=26807616 err=0 grpcErr=0 avg=6484µs
  req=26937554 err=0 grpcErr=0 avg=6475µs
  req=27078054 err=0 grpcErr=0 avg=6463µs
  req=27219528 err=0 grpcErr=0 avg=6452µs
  req=27358022 err=0 grpcErr=0 avg=6441µs
  req=27482951 err=0 grpcErr=0 avg=6434µs
  req=27588042 err=0 grpcErr=0 avg=6431µs
  req=27707636 err=0 grpcErr=0 avg=6425µs
  req=27819441 err=0 grpcErr=0 avg=6420µs
  req=27936342 err=0 grpcErr=0 avg=6415µs
  req=28055777 err=0 grpcErr=0 avg=6409µs
  req=28166856 err=0 grpcErr=0 avg=6405µs
  req=28292986 err=0 grpcErr=0 avg=6398µs
  req=28432283 err=0 grpcErr=0 avg=6387µs
  req=28571375 err=0 grpcErr=0 avg=6377µs
  req=28715258 err=0 grpcErr=0 avg=6366µs
  req=28859486 err=0 grpcErr=0 avg=6355µs
  req=29003913 err=0 grpcErr=0 avg=6344µs
  req=29144208 err=0 grpcErr=0 avg=6334µs
  req=29280582 err=0 grpcErr=0 avg=6325µs
  req=29406355 err=0 grpcErr=0 avg=6318µs
  req=29544834 err=0 grpcErr=0 avg=6309µs
  req=29681677 err=0 grpcErr=0 avg=6300µs
  req=29818747 err=0 grpcErr=0 avg=6291µs
  req=29954838 err=0 grpcErr=0 avg=6283µs
  req=30089761 err=0 grpcErr=0 avg=6274µs
  req=30217694 err=0 grpcErr=0 avg=6268µs
  req=30357072 err=0 grpcErr=0 avg=6259µs
  req=30495846 err=0 grpcErr=0 avg=6250µs
  req=30631906 err=0 grpcErr=0 avg=6242µs
  req=30774306 err=0 grpcErr=0 avg=6232µs
  req=30914268 err=0 grpcErr=0 avg=6223µs
  req=31052358 err=0 grpcErr=0 avg=6215µs
  req=31195081 err=0 grpcErr=0 avg=6206µs
  req=31333881 err=0 grpcErr=0 avg=6197µs
  req=31475401 err=0 grpcErr=0 avg=6189µs
  req=31614007 err=0 grpcErr=0 avg=6180µs
  req=31745546 err=0 grpcErr=0 avg=6174µs
  req=31881282 err=0 grpcErr=0 avg=6166µs
  req=32022857 err=0 grpcErr=0 avg=6158µs
  req=32140067 err=0 grpcErr=0 avg=6154µs
  req=32256894 err=0 grpcErr=0 avg=6150µs
  req=32385206 err=0 grpcErr=0 avg=6144µs
  req=32506761 err=0 grpcErr=0 avg=6140µs
  req=32609733 err=0 grpcErr=0 avg=6139µs
  req=32741247 err=0 grpcErr=0 avg=6132µs
  req=32870549 err=0 grpcErr=0 avg=6126µs
  req=33009077 err=0 grpcErr=0 avg=6119µs
  req=33146211 err=0 grpcErr=0 avg=6112µs
  req=33279908 err=0 grpcErr=0 avg=6105µs
  req=33416593 err=0 grpcErr=0 avg=6098µs
  req=33552026 err=0 grpcErr=0 avg=6091µs
  req=33668961 err=0 grpcErr=0 avg=6088µs
  req=33806720 err=0 grpcErr=0 avg=6081µs
  req=33942199 err=0 grpcErr=0 avg=6074µs
  req=34068441 err=0 grpcErr=0 avg=6069µs
  req=34202065 err=0 grpcErr=0 avg=6063µs
  req=34343123 err=0 grpcErr=0 avg=6056µs
  req=34483493 err=0 grpcErr=0 avg=6048µs
  req=34621989 err=0 grpcErr=0 avg=6042µs
  req=34758561 err=0 grpcErr=0 avg=6035µs
  req=34898558 err=0 grpcErr=0 avg=6028µs
  req=35036286 err=0 grpcErr=0 avg=6021µs
  req=35167564 err=0 grpcErr=0 avg=6016µs
  req=35305787 err=0 grpcErr=0 avg=6009µs
  req=35439441 err=0 grpcErr=0 avg=6004µs
  req=35577571 err=0 grpcErr=0 avg=5997µs
  req=35714640 err=0 grpcErr=0 avg=5991µs
  req=35857405 err=0 grpcErr=0 avg=5984µs
  req=35996060 err=0 grpcErr=0 avg=5977µs
  req=36140238 err=0 grpcErr=0 avg=5970µs
  req=36282624 err=0 grpcErr=0 avg=5963µs
  req=36420867 err=0 grpcErr=0 avg=5957µs
  req=36566603 err=0 grpcErr=0 avg=5950µs
  req=36707071 err=0 grpcErr=0 avg=5943µs
  req=36850409 err=0 grpcErr=0 avg=5936µs
  req=36991742 err=0 grpcErr=0 avg=5930µs
  req=37138213 err=0 grpcErr=0 avg=5923µs
  req=37279779 err=0 grpcErr=0 avg=5916µs
  req=37421106 err=0 grpcErr=0 avg=5910µs
  req=37560419 err=0 grpcErr=0 avg=5904µs
  req=37703040 err=0 grpcErr=0 avg=5897µs
  req=37837573 err=0 grpcErr=0 avg=5892µs
  req=37956162 err=0 grpcErr=0 avg=5890µs
  req=38044433 err=0 grpcErr=0 avg=5892µs
  req=38203788 err=0 grpcErr=0 avg=5883µs
  req=38377424 err=0 grpcErr=0 avg=5872µs
  req=38544886 err=0 grpcErr=0 avg=5862µs
  req=38713566 err=0 grpcErr=0 avg=5852µs
  req=38839303 err=0 grpcErr=0 avg=5848µs
  req=38979002 err=0 grpcErr=0 avg=5843µs
  req=39120159 err=0 grpcErr=0 avg=5837µs
  req=39250271 err=0 grpcErr=0 avg=5833µs
  req=39400497 err=0 grpcErr=0 avg=5826µs
  req=39545527 err=0 grpcErr=0 avg=5820µs
  req=39684606 err=0 grpcErr=0 avg=5814µs
  req=39823540 err=0 grpcErr=0 avg=5809µs
  req=39965492 err=0 grpcErr=0 avg=5803µs
  req=40108605 err=0 grpcErr=0 avg=5798µs
  req=40250769 err=0 grpcErr=0 avg=5792µs
  req=40393094 err=0 grpcErr=0 avg=5787µs
  req=40533909 err=0 grpcErr=0 avg=5781µs
  req=40676759 err=0 grpcErr=0 avg=5776µs
  req=40817773 err=0 grpcErr=0 avg=5770µs
  req=40954299 err=0 grpcErr=0 avg=5766µs
  req=41095862 err=0 grpcErr=0 avg=5760µs
  req=41226002 err=0 grpcErr=0 avg=5757µs
  req=41367622 err=0 grpcErr=0 avg=5752µs
  req=41507387 err=0 grpcErr=0 avg=5747µs
  req=41647612 err=0 grpcErr=0 avg=5742µs
  req=41788430 err=0 grpcErr=0 avg=5737µs
  req=41930743 err=0 grpcErr=0 avg=5731µs
  req=42070039 err=0 grpcErr=0 avg=5727µs
  req=42212977 err=0 grpcErr=0 avg=5722µs
  req=42347963 err=0 grpcErr=0 avg=5717µs
  req=42473286 err=0 grpcErr=0 avg=5715µs
  req=42523378 err=0 grpcErr=0 avg=5722µs
  req=42582561 err=0 grpcErr=0 avg=5728µs
  req=42686818 err=0 grpcErr=0 avg=5728µs
  req=42820621 err=0 grpcErr=0 avg=5724µs
  req=42966507 err=0 grpcErr=0 avg=5719µs
  req=43121085 err=0 grpcErr=0 avg=5712µs
  req=43258134 err=0 grpcErr=0 avg=5708µs
  req=43394680 err=0 grpcErr=0 avg=5704µs
  req=43538089 err=0 grpcErr=0 avg=5699µs
  req=43662366 err=0 grpcErr=0 avg=5696µs
  req=43817223 err=0 grpcErr=0 avg=5690µs
  req=43956003 err=0 grpcErr=0 avg=5686µs
  req=44101766 err=0 grpcErr=0 avg=5680µs
  req=44252162 err=0 grpcErr=0 avg=5675µs
  req=44375533 err=0 grpcErr=0 avg=5672µs
  req=44498072 err=0 grpcErr=0 avg=5670µs
  req=44629956 err=0 grpcErr=0 avg=5667µs
  req=44774031 err=0 grpcErr=0 avg=5662µs
  req=44921163 err=0 grpcErr=0 avg=5657µs
  req=45057006 err=0 grpcErr=0 avg=5653µs
  req=45200149 err=0 grpcErr=0 avg=5648µs
  req=45344412 err=0 grpcErr=0 avg=5644µs
  req=45488827 err=0 grpcErr=0 avg=5639µs
  req=45640769 err=0 grpcErr=0 avg=5633µs
  req=45785190 err=0 grpcErr=0 avg=5629µs
  req=45932321 err=0 grpcErr=0 avg=5624µs
  req=46078670 err=0 grpcErr=0 avg=5619µs
  req=46204925 err=0 grpcErr=0 avg=5616µs
  req=46347730 err=0 grpcErr=0 avg=5612µs
  req=46492207 err=0 grpcErr=0 avg=5607µs
  req=46631188 err=0 grpcErr=0 avg=5603µs
  req=46780129 err=0 grpcErr=0 avg=5598µs
  req=46921849 err=0 grpcErr=0 avg=5594µs
  req=47056515 err=0 grpcErr=0 avg=5591µs
  req=47199229 err=0 grpcErr=0 avg=5587µs
  req=47336972 err=0 grpcErr=0 avg=5583µs
  req=47476682 err=0 grpcErr=0 avg=5579µs
  req=47617078 err=0 grpcErr=0 avg=5576µs
  req=47748909 err=0 grpcErr=0 avg=5573µs
  req=47889363 err=0 grpcErr=0 avg=5569µs
  req=48028646 err=0 grpcErr=0 avg=5565µs
  req=48169943 err=0 grpcErr=0 avg=5561µs
  req=48300954 err=0 grpcErr=0 avg=5559µs
  req=48430969 err=0 grpcErr=0 avg=5556µs
  req=48572147 err=0 grpcErr=0 avg=5552µs
  req=48712256 err=0 grpcErr=0 avg=5549µs
  req=48854541 err=0 grpcErr=0 avg=5545µs
  req=48993743 err=0 grpcErr=0 avg=5541µs
  req=49129244 err=0 grpcErr=0 avg=5538µs
  req=49270459 err=0 grpcErr=0 avg=5534µs
  req=49409474 err=0 grpcErr=0 avg=5531µs
  req=49545971 err=0 grpcErr=0 avg=5528µs
  req=49684617 err=0 grpcErr=0 avg=5524µs
  req=49818538 err=0 grpcErr=0 avg=5522µs
  req=49959790 err=0 grpcErr=0 avg=5518µs
  req=50101848 err=0 grpcErr=0 avg=5514µs
  req=50233188 err=0 grpcErr=0 avg=5512µs
  req=50376342 err=0 grpcErr=0 avg=5508µs
  req=50519732 err=0 grpcErr=0 avg=5504µs
  req=50662429 err=0 grpcErr=0 avg=5501µs
  req=50803099 err=0 grpcErr=0 avg=5497µs
  req=50945276 err=0 grpcErr=0 avg=5494µs
  req=51085677 err=0 grpcErr=0 avg=5490µs
  req=51226157 err=0 grpcErr=0 avg=5487µs
  req=51364087 err=0 grpcErr=0 avg=5484µs
  req=51499422 err=0 grpcErr=0 avg=5481µs
  req=51639771 err=0 grpcErr=0 avg=5478µs
  req=51778473 err=0 grpcErr=0 avg=5475µs
  req=51916753 err=0 grpcErr=0 avg=5472µs
  req=52055060 err=0 grpcErr=0 avg=5469µs
  req=52189831 err=0 grpcErr=0 avg=5466µs
  req=52326516 err=0 grpcErr=0 avg=5463µs
  req=52466158 err=0 grpcErr=0 avg=5460µs
  req=52590732 err=0 grpcErr=0 avg=5458µs
  req=52637161 err=0 grpcErr=0 avg=5465µs
  req=52642236 err=0 grpcErr=0 avg=5476µs
  req=52678460 err=0 grpcErr=0 avg=5483µs
  req=52762655 err=0 grpcErr=0 avg=5486µs
  req=52870365 err=0 grpcErr=0 avg=5486µs
  req=53020262 err=0 grpcErr=0 avg=5482µs
  req=53166029 err=0 grpcErr=0 avg=5478µs
  req=53314152 err=0 grpcErr=0 avg=5474µs
  req=53461734 err=0 grpcErr=0 avg=5470µs
  req=53590644 err=0 grpcErr=0 avg=5468µs
  req=53740239 err=0 grpcErr=0 avg=5464µs
  req=53905366 err=0 grpcErr=0 avg=5459µs
  req=54039930 err=0 grpcErr=0 avg=5456µs
  req=54190641 err=0 grpcErr=0 avg=5452µs
  req=54333081 err=0 grpcErr=0 avg=5449µs
  req=54476108 err=0 grpcErr=0 avg=5445µs
  req=54626500 err=0 grpcErr=0 avg=5441µs
  req=54770972 err=0 grpcErr=0 avg=5438µs
  req=54911610 err=0 grpcErr=0 avg=5435µs
  req=55048230 err=0 grpcErr=0 avg=5432µs
  req=55191599 err=0 grpcErr=0 avg=5429µs
  req=55330201 err=0 grpcErr=0 avg=5426µs
  req=55467724 err=0 grpcErr=0 avg=5424µs
  req=55614123 err=0 grpcErr=0 avg=5420µs
  req=55760221 err=0 grpcErr=0 avg=5417µs
  req=55906112 err=0 grpcErr=0 avg=5413µs
  req=56039336 err=0 grpcErr=0 avg=5411µs
  req=56177475 err=0 grpcErr=0 avg=5409µs
  req=56322945 err=0 grpcErr=0 avg=5405µs
  req=56468591 err=0 grpcErr=0 avg=5402µs
  req=56613969 err=0 grpcErr=0 avg=5399µs
  req=56758356 err=0 grpcErr=0 avg=5395µs
  req=56889506 err=0 grpcErr=0 avg=5394µs
  req=57022264 err=0 grpcErr=0 avg=5391µs
  req=57140218 err=0 grpcErr=0 avg=5391µs
  req=57184546 err=0 grpcErr=0 avg=5397µs
  req=57189631 err=0 grpcErr=0 avg=5407µs
  req=57195061 err=0 grpcErr=0 avg=5417µs
  req=57200178 err=0 grpcErr=0 avg=5427µs
  req=57204285 err=0 grpcErr=0 avg=5437µs
  req=57208891 err=0 grpcErr=0 avg=5447µs
  req=57214486 err=0 grpcErr=0 avg=5457µs
  req=57218831 err=0 grpcErr=0 avg=5467µs
  req=57224679 err=0 grpcErr=0 avg=5477µs
  req=57230492 err=0 grpcErr=0 avg=5487µs
  req=57236030 err=0 grpcErr=0 avg=5497µs
  req=57241704 err=0 grpcErr=0 avg=5507µs
  req=57246625 err=0 grpcErr=0 avg=5517µs
  req=57251754 err=0 grpcErr=0 avg=5527µs
  req=57257717 err=0 grpcErr=0 avg=5537µs
  req=57262985 err=0 grpcErr=0 avg=5547µs
  req=57269011 err=0 grpcErr=0 avg=5557µs
  req=57273564 err=0 grpcErr=0 avg=5567µs
  req=57278737 err=0 grpcErr=0 avg=5577µs
  req=57288044 err=0 grpcErr=0 avg=5586µs
  req=57293858 err=0 grpcErr=0 avg=5596µs
  req=57300758 err=0 grpcErr=0 avg=5606µs
  req=57306567 err=0 grpcErr=0 avg=5616µs
  req=57312535 err=0 grpcErr=0 avg=5626µs
  req=57318153 err=0 grpcErr=0 avg=5636µs
  req=57324229 err=0 grpcErr=0 avg=5646µs
  req=57328580 err=0 grpcErr=0 avg=5656µs
  req=57334622 err=0 grpcErr=0 avg=5665µs
  req=57339953 err=0 grpcErr=0 avg=5675µs
  req=57344101 err=0 grpcErr=0 avg=5685µs
  req=57348432 err=0 grpcErr=0 avg=5695µs
  req=57354277 err=0 grpcErr=0 avg=5705µs
  req=57357640 err=0 grpcErr=0 avg=5715µs
  req=57362057 err=0 grpcErr=0 avg=5725µs
  req=57365026 err=0 grpcErr=0 avg=5736µs
  req=57368271 err=0 grpcErr=0 avg=5746µs
  req=57372360 err=0 grpcErr=0 avg=5756µs
  req=57376381 err=0 grpcErr=0 avg=5766µs
  req=57381547 err=0 grpcErr=0 avg=5776µs
  req=57386836 err=0 grpcErr=0 avg=5786µs
  req=57391905 err=0 grpcErr=0 avg=5796µs
  req=57397680 err=0 grpcErr=0 avg=5806µs
  req=57403044 err=0 grpcErr=0 avg=5815µs
  req=57407275 err=0 grpcErr=0 avg=5825µs
  req=57412590 err=0 grpcErr=0 avg=5835µs
  req=57417882 err=0 grpcErr=0 avg=5845µs
  req=57422800 err=0 grpcErr=0 avg=5855µs
  req=57428231 err=0 grpcErr=0 avg=5865µs
  req=57434512 err=0 grpcErr=0 avg=5875µs
  req=57439744 err=0 grpcErr=0 avg=5885µs
  req=57445013 err=0 grpcErr=0 avg=5895µs
  req=57450184 err=0 grpcErr=0 avg=5905µs
  req=57455286 err=0 grpcErr=0 avg=5915µs
  req=57461669 err=0 grpcErr=0 avg=5924µs
  req=57466666 err=0 grpcErr=0 avg=5934µs
  req=57472326 err=0 grpcErr=0 avg=5944µs
  req=57477904 err=0 grpcErr=0 avg=5954µs
  req=57483963 err=0 grpcErr=0 avg=5964µs
  req=57489994 err=0 grpcErr=0 avg=5974µs
  req=57495096 err=0 grpcErr=0 avg=5983µs
  req=57519128 err=0 grpcErr=0 avg=5991µs
  req=57523867 err=0 grpcErr=0 avg=6001µs
  req=57529278 err=0 grpcErr=0 avg=6011µs
  req=57534640 err=0 grpcErr=0 avg=6021µs
  req=57539664 err=0 grpcErr=0 avg=6031µs
  req=57545630 err=0 grpcErr=0 avg=6041µs
  req=57554784 err=0 grpcErr=0 avg=6050µs
  req=57560450 err=0 grpcErr=0 avg=6060µs
  req=57566218 err=0 grpcErr=0 avg=6070µs
  req=57572112 err=0 grpcErr=0 avg=6080µs
  req=57577070 err=0 grpcErr=0 avg=6090µs
  req=57582345 err=0 grpcErr=0 avg=6099µs
  req=57606876 err=0 grpcErr=0 avg=6107µs
  req=57743710 err=0 grpcErr=0 avg=6103µs
  req=57881404 err=0 grpcErr=0 avg=6099µs
  req=58020165 err=0 grpcErr=0 avg=6095µs
  req=58139636 err=0 grpcErr=0 avg=6093µs
  req=58200321 err=0 grpcErr=0 avg=6096µs
  req=58295865 err=0 grpcErr=0 avg=6097µs
  req=58424398 err=0 grpcErr=0 avg=6094µs
  req=58503676 err=0 grpcErr=0 avg=6096µs
  req=58601121 err=0 grpcErr=0 avg=6096µs
  req=58719456 err=0 grpcErr=0 avg=6094µs
  req=58829336 err=0 grpcErr=0 avg=6092µs
  req=58965027 err=0 grpcErr=0 avg=6089µs
  req=59092546 err=0 grpcErr=0 avg=6086µs
