=== Jul gRPC soak ===
Mode:      passthrough
Duration:  8h0m0s
Workers:   20
Target:    127.0.0.1:8095
Fail-every: 0

  req=121204 err=0 grpcErr=0 avg=4944µs
  req=244466 err=0 grpcErr=0 avg=4903µs
  req=339031 err=0 grpcErr=0 avg=5303µs
  req=449406 err=0 grpcErr=0 avg=5334µs
  req=564537 err=0 grpcErr=0 avg=5307µs
  req=669847 err=0 grpcErr=0 avg=5368µs
  req=783770 err=0 grpcErr=0 avg=5352µs
  req=900794 err=0 grpcErr=0 avg=5322µs
  req=1020513 err=0 grpcErr=0 avg=5285µs
  req=1129382 err=0 grpcErr=0 avg=5306µs
  req=1224116 err=0 grpcErr=0 avg=5385µs
  req=1306552 err=0 grpcErr=0 avg=5502µs
  req=1379358 err=0 grpcErr=0 avg=5648µs
  req=1462527 err=0 grpcErr=0 avg=5736µs
  req=1554764 err=0 grpcErr=0 avg=5781µs
  req=1654170 err=0 grpcErr=0 avg=5796µs
  req=1750513 err=0 grpcErr=0 avg=5820µs
  req=1854282 err=0 grpcErr=0 avg=5817µs
  req=1968357 err=0 grpcErr=0 avg=5784µs
  req=2080410 err=0 grpcErr=0 avg=5761µs
  req=2193759 err=0 grpcErr=0 avg=5736µs
  req=2307761 err=0 grpcErr=0 avg=5713µs
  req=2419650 err=0 grpcErr=0 avg=5696µs
  req=2529181 err=0 grpcErr=0 avg=5687µs
  req=2631593 err=0 grpcErr=0 avg=5693µs
  req=2739532 err=0 grpcErr=0 avg=5687µs
  req=2852414 err=0 grpcErr=0 avg=5672µs
  req=2970182 err=0 grpcErr=0 avg=5649µs
  req=3089221 err=0 grpcErr=0 avg=5626µs
  req=3208424 err=0 grpcErr=0 avg=5603µs
  req=3321809 err=0 grpcErr=0 avg=5592µs
  req=3429203 err=0 grpcErr=0 avg=5592µs
  req=3486458 err=0 grpcErr=0 avg=5672µs
  req=3490801 err=0 grpcErr=0 avg=5836µs
  req=3494401 err=0 grpcErr=0 avg=6002µs
  req=3497021 err=0 grpcErr=0 avg=6169µs
  req=3500974 err=0 grpcErr=0 avg=6334µs
  req=3505301 err=0 grpcErr=0 avg=6497µs
  req=3509001 err=0 grpcErr=0 avg=6660µs
  req=3513113 err=0 grpcErr=0 avg=6824µs
  req=3517610 err=0 grpcErr=0 avg=6985µs
  req=3525914 err=0 grpcErr=0 avg=7140µs
  req=3571025 err=0 grpcErr=0 avg=7218µs
  req=3661593 err=0 grpcErr=0 avg=7203µs
  req=3761376 err=0 grpcErr=0 avg=7171µs
  req=3869246 err=0 grpcErr=0 avg=7126µs
  req=3975484 err=0 grpcErr=0 avg=7086µs
  req=4090740 err=0 grpcErr=0 avg=7033µs
  req=4198195 err=0 grpcErr=0 avg=6996µs
  req=4327978 err=0 grpcErr=0 avg=6925µs
  req=4449067 err=0 grpcErr=0 avg=6871µs
  req=4570736 err=0 grpcErr=0 avg=6819µs
  req=4694724 err=0 grpcErr=0 avg=6767µs
  req=4811424 err=0 grpcErr=0 avg=6727µs
  req=4938154 err=0 grpcErr=0 avg=6676µs
  req=5050543 err=0 grpcErr=0 avg=6646µs
  req=5173427 err=0 grpcErr=0 avg=6604µs
  req=5308488 err=0 grpcErr=0 avg=6549µs
  req=5434555 err=0 grpcErr=0 avg=6507µs
  req=5568009 err=0 grpcErr=0 avg=6459µs
  req=5696096 err=0 grpcErr=0 avg=6419µs
  req=5826136 err=0 grpcErr=0 avg=6378µs
  req=5952383 err=0 grpcErr=0 avg=6344µs
  req=6077306 err=0 grpcErr=0 avg=6312µs
  req=6206389 err=0 grpcErr=0 avg=6277µs
  req=6320725 err=0 grpcErr=0 avg=6258µs
  req=6435808 err=0 grpcErr=0 avg=6240µs
  req=6557763 err=0 grpcErr=0 avg=6215µs
  req=6674337 err=0 grpcErr=0 avg=6196µs
  req=6792697 err=0 grpcErr=0 avg=6176µs
  req=6915124 err=0 grpcErr=0 avg=6154µs
  req=7035290 err=0 grpcErr=0 avg=6134µs
  req=7137468 err=0 grpcErr=0 avg=6130µs
  req=7252807 err=0 grpcErr=0 avg=6115µs
  req=7360142 err=0 grpcErr=0 avg=6107µs
  req=7408454 err=0 grpcErr=0 avg=6147µs
  req=7412718 err=0 grpcErr=0 avg=6226µs
  req=7417475 err=0 grpcErr=0 avg=6302µs
  req=7421354 err=0 grpcErr=0 avg=6380µs
  req=7433940 err=0 grpcErr=0 avg=6450µs
  req=7438024 err=0 grpcErr=0 avg=6527µs
  req=7442574 err=0 grpcErr=0 avg=6604µs
  req=7447268 err=0 grpcErr=0 avg=6680µs
  req=7451968 err=0 grpcErr=0 avg=6756µs
  req=7456076 err=0 grpcErr=0 avg=6833µs
  req=7459818 err=0 grpcErr=0 avg=6910µs
  req=7464165 err=0 grpcErr=0 avg=6986µs
  req=7467737 err=0 grpcErr=0 avg=7063µs
  req=7472537 err=0 grpcErr=0 avg=7139µs
  req=7476737 err=0 grpcErr=0 avg=7215µs
  req=7480764 err=0 grpcErr=0 avg=7291µs
  req=7484617 err=0 grpcErr=0 avg=7368µs
  req=7489221 err=0 grpcErr=0 avg=7444µs
  req=7494151 err=0 grpcErr=0 avg=7519µs
  req=7498511 err=0 grpcErr=0 avg=7595µs
  req=7503083 err=0 grpcErr=0 avg=7669µs
  req=7507981 err=0 grpcErr=0 avg=7745µs
  req=7512049 err=0 grpcErr=0 avg=7821µs
  req=7516567 err=0 grpcErr=0 avg=7896µs
  req=7520853 err=0 grpcErr=0 avg=7971µs
  req=7525215 err=0 grpcErr=0 avg=8046µs
  req=7529743 err=0 grpcErr=0 avg=8121µs
  req=7534066 err=0 grpcErr=0 avg=8196µs
  req=7539124 err=0 grpcErr=0 avg=8270µs
  req=7543864 err=0 grpcErr=0 avg=8344µs
  req=7547830 err=0 grpcErr=0 avg=8419µs
  req=7551779 err=0 grpcErr=0 avg=8494µs
  req=7554515 err=0 grpcErr=0 avg=8570µs
  req=7558677 err=0 grpcErr=0 avg=8645µs
  req=7562662 err=0 grpcErr=0 avg=8720µs
  req=7567127 err=0 grpcErr=0 avg=8794µs
  req=7571687 err=0 grpcErr=0 avg=8867µs
  req=7575756 err=0 grpcErr=0 avg=8942µs
  req=7579337 err=0 grpcErr=0 avg=9017µs
  req=7583302 err=0 grpcErr=0 avg=9091µs
  req=7587574 err=0 grpcErr=0 avg=9165µs
  req=7591925 err=0 grpcErr=0 avg=9240µs
  req=7595858 err=0 grpcErr=0 avg=9314µs
  req=7599894 err=0 grpcErr=0 avg=9388µs
  req=7603909 err=0 grpcErr=0 avg=9462µs
  req=7608411 err=0 grpcErr=0 avg=9535µs
  req=7612503 err=0 grpcErr=0 avg=9608µs
  req=7616586 err=0 grpcErr=0 avg=9682µs
  req=7620503 err=0 grpcErr=0 avg=9756µs
  req=7633210 err=0 grpcErr=0 avg=9818µs
  req=7637299 err=0 grpcErr=0 avg=9891µs
  req=7640417 err=0 grpcErr=0 avg=9966µs
  req=7644968 err=0 grpcErr=0 avg=10038µs
  req=7649002 err=0 grpcErr=0 avg=10112µs
  req=7653251 err=0 grpcErr=0 avg=10184µs
  req=7657680 err=0 grpcErr=0 avg=10257µs
  req=7661807 err=0 grpcErr=0 avg=10330µs
  req=7666472 err=0 grpcErr=0 avg=10401µs
  req=7670163 err=0 grpcErr=0 avg=10475µs
  req=7674870 err=0 grpcErr=0 avg=10546µs
  req=7679091 err=0 grpcErr=0 avg=10619µs
  req=7683105 err=0 grpcErr=0 avg=10691µs
  req=7687377 err=0 grpcErr=0 avg=10764µs
  req=7691646 err=0 grpcErr=0 avg=10835µs
  req=7696189 err=0 grpcErr=0 avg=10907µs
  req=7700255 err=0 grpcErr=0 avg=10979µs
  req=7704205 err=0 grpcErr=0 avg=11051µs
  req=7709008 err=0 grpcErr=0 avg=11122µs
  req=7712974 err=0 grpcErr=0 avg=11194µs
  req=7717484 err=0 grpcErr=0 avg=11265µs
  req=7722434 err=0 grpcErr=0 avg=11336µs
  req=7727096 err=0 grpcErr=0 avg=11407µs
  req=7731268 err=0 grpcErr=0 avg=11478µs
  req=7736627 err=0 grpcErr=0 avg=11547µs
  req=7740902 err=0 grpcErr=0 avg=11619µs
  req=7745148 err=0 grpcErr=0 avg=11690µs
  req=7749797 err=0 grpcErr=0 avg=11760µs
  req=7753638 err=0 grpcErr=0 avg=11832µs
  req=7757653 err=0 grpcErr=0 avg=11903µs
  req=7774848 err=0 grpcErr=0 avg=11954µs
  req=7846510 err=0 grpcErr=0 avg=11921µs
  req=7982167 err=0 grpcErr=0 avg=11794µs
  req=8130194 err=0 grpcErr=0 avg=11653µs
  req=8267279 err=0 grpcErr=0 avg=11532µs
  req=8407532 err=0 grpcErr=0 avg=11411µs
  req=8518510 err=0 grpcErr=0 avg=11333µs
  req=8639352 err=0 grpcErr=0 avg=11243µs
  req=8750037 err=0 grpcErr=0 avg=11170µs
  req=8854104 err=0 grpcErr=0 avg=11106µs
  req=8969506 err=0 grpcErr=0 avg=11030µs
  req=9082802 err=0 grpcErr=0 avg=10958µs
  req=9180035 err=0 grpcErr=0 avg=10908µs
  req=9300654 err=0 grpcErr=0 avg=10831µs
  req=9414266 err=0 grpcErr=0 avg=10764µs
  req=9521894 err=0 grpcErr=0 avg=10705µs
  req=9635172 err=0 grpcErr=0 avg=10641µs
  req=9757407 err=0 grpcErr=0 avg=10569µs
  req=9877464 err=0 grpcErr=0 avg=10502µs
  req=9997893 err=0 grpcErr=0 avg=10435µs
  req=10110059 err=0 grpcErr=0 avg=10378µs
  req=10215046 err=0 grpcErr=0 avg=10330µs
  req=10334172 err=0 grpcErr=0 avg=10269µs
  req=10451678 err=0 grpcErr=0 avg=10211µs
  req=10566032 err=0 grpcErr=0 avg=10157µs
  req=10673469 err=0 grpcErr=0 avg=10111µs
  req=10770093 err=0 grpcErr=0 avg=10076µs
  req=10858632 err=0 grpcErr=0 avg=10049µs
  req=10964525 err=0 grpcErr=0 avg=10007µs
  req=11086984 err=0 grpcErr=0 avg=9950µs
  req=11202131 err=0 grpcErr=0 avg=9902µs
  req=11317421 err=0 grpcErr=0 avg=9854µs
  req=11439617 err=0 grpcErr=0 avg=9801µs
  req=11558605 err=0 grpcErr=0 avg=9752µs
  req=11665702 err=0 grpcErr=0 avg=9714µs
  req=11777475 err=0 grpcErr=0 avg=9672µs
  req=11882730 err=0 grpcErr=0 avg=9637µs
  req=11974498 err=0 grpcErr=0 avg=9613µs
  req=12080925 err=0 grpcErr=0 avg=9578µs
  req=12196969 err=0 grpcErr=0 avg=9536µs
  req=12305554 err=0 grpcErr=0 avg=9501µs
  req=12415019 err=0 grpcErr=0 avg=9465µs
  req=12537611 err=0 grpcErr=0 avg=9421µs
  req=12654476 err=0 grpcErr=0 avg=9381µs
  req=12772828 err=0 grpcErr=0 avg=9341µs
  req=12887467 err=0 grpcErr=0 avg=9304µs
  req=13009088 err=0 grpcErr=0 avg=9263µs
  req=13128155 err=0 grpcErr=0 avg=9225µs
  req=13237729 err=0 grpcErr=0 avg=9194µs
  req=13357982 err=0 grpcErr=0 avg=9156µs
  req=13478286 err=0 grpcErr=0 avg=9119µs
  req=13599306 err=0 grpcErr=0 avg=9082µs
  req=13721192 err=0 grpcErr=0 avg=9045µs
  req=13840273 err=0 grpcErr=0 avg=9010µs
  req=13958684 err=0 grpcErr=0 avg=8977µs
  req=14079114 err=0 grpcErr=0 avg=8942µs
  req=14202451 err=0 grpcErr=0 avg=8907µs
  req=14315403 err=0 grpcErr=0 avg=8879µs
  req=14434688 err=0 grpcErr=0 avg=8847µs
  req=14555793 err=0 grpcErr=0 avg=8814µs
  req=14676346 err=0 grpcErr=0 avg=8783µs
  req=14792841 err=0 grpcErr=0 avg=8754µs
  req=14891610 err=0 grpcErr=0 avg=8736µs
  req=14999485 err=0 grpcErr=0 avg=8713µs
  req=15097076 err=0 grpcErr=0 avg=8697µs
  req=15183575 err=0 grpcErr=0 avg=8687µs
  req=15287433 err=0 grpcErr=0 avg=8667µs
  req=15393577 err=0 grpcErr=0 avg=8646µs
  req=15497147 err=0 grpcErr=0 avg=8627µs
  req=15600876 err=0 grpcErr=0 avg=8608µs
  req=15705467 err=0 grpcErr=0 avg=8589µs
  req=15817443 err=0 grpcErr=0 avg=8566µs
  req=15932197 err=0 grpcErr=0 avg=8542µs
  req=16042719 err=0 grpcErr=0 avg=8520µs
  req=16143176 err=0 grpcErr=0 avg=8504µs
  req=16259428 err=0 grpcErr=0 avg=8480µs
  req=16375834 err=0 grpcErr=0 avg=8457µs
  req=16480188 err=0 grpcErr=0 avg=8440µs
  req=16599671 err=0 grpcErr=0 avg=8415µs
  req=16710292 err=0 grpcErr=0 avg=8395µs
  req=16813242 err=0 grpcErr=0 avg=8379µs
  req=16928294 err=0 grpcErr=0 avg=8358µs
  req=17033262 err=0 grpcErr=0 avg=8341µs
  req=17142275 err=0 grpcErr=0 avg=8323µs
  req=17261477 err=0 grpcErr=0 avg=8301µs
  req=17357433 err=0 grpcErr=0 avg=8289µs
  req=17463899 err=0 grpcErr=0 avg=8273µs
  req=17582973 err=0 grpcErr=0 avg=8251µs
  req=17704604 err=0 grpcErr=0 avg=8228µs
  req=17822352 err=0 grpcErr=0 avg=8208µs
  req=17911793 err=0 grpcErr=0 avg=8200µs
  req=18013834 err=0 grpcErr=0 avg=8187µs
  req=18104157 err=0 grpcErr=0 avg=8179µs
  req=18222277 err=0 grpcErr=0 avg=8159µs
  req=18326713 err=0 grpcErr=0 avg=8145µs
  req=18437060 err=0 grpcErr=0 avg=8129µs
  req=18554359 err=0 grpcErr=0 avg=8110µs
  req=18672988 err=0 grpcErr=0 avg=8090µs
  req=18792885 err=0 grpcErr=0 avg=8071µs
  req=18910010 err=0 grpcErr=0 avg=8052µs
  req=19027455 err=0 grpcErr=0 avg=8034µs
  req=19147519 err=0 grpcErr=0 avg=8015µs
  req=19262291 err=0 grpcErr=0 avg=7998µs
  req=19373396 err=0 grpcErr=0 avg=7983µs
  req=19486925 err=0 grpcErr=0 avg=7968µs
  req=19604971 err=0 grpcErr=0 avg=7950µs
  req=19720076 err=0 grpcErr=0 avg=7934µs
  req=19828531 err=0 grpcErr=0 avg=7921µs
  req=19937901 err=0 grpcErr=0 avg=7908µs
  req=20057324 err=0 grpcErr=0 avg=7891µs
  req=20176540 err=0 grpcErr=0 avg=7874µs
  req=20292754 err=0 grpcErr=0 avg=7858µs
  req=20413309 err=0 grpcErr=0 avg=7841µs
  req=20522384 err=0 grpcErr=0 avg=7829µs
  req=20637096 err=0 grpcErr=0 avg=7814µs
  req=20750071 err=0 grpcErr=0 avg=7800µs
  req=20868717 err=0 grpcErr=0 avg=7785µs
  req=20986650 err=0 grpcErr=0 avg=7770µs
  req=21099683 err=0 grpcErr=0 avg=7756µs
  req=21213844 err=0 grpcErr=0 avg=7743µs
  req=21329959 err=0 grpcErr=0 avg=7729µs
  req=21445754 err=0 grpcErr=0 avg=7715µs
  req=21559669 err=0 grpcErr=0 avg=7702µs
  req=21666248 err=0 grpcErr=0 avg=7692µs
  req=21782696 err=0 grpcErr=0 avg=7678µs
  req=21878569 err=0 grpcErr=0 avg=7672µs
  req=21968254 err=0 grpcErr=0 avg=7668µs
  req=22083378 err=0 grpcErr=0 avg=7655µs
  req=22190970 err=0 grpcErr=0 avg=7645µs
  req=22306113 err=0 grpcErr=0 avg=7632µs
  req=22420575 err=0 grpcErr=0 avg=7620µs
  req=22541995 err=0 grpcErr=0 avg=7606µs
  req=22661246 err=0 grpcErr=0 avg=7592µs
  req=22783323 err=0 grpcErr=0 avg=7578µs
  req=22897810 err=0 grpcErr=0 avg=7566µs
  req=23012372 err=0 grpcErr=0 avg=7554µs
  req=23125341 err=0 grpcErr=0 avg=7543µs
  req=23247890 err=0 grpcErr=0 avg=7529µs
  req=23370209 err=0 grpcErr=0 avg=7516µs
  req=23492781 err=0 grpcErr=0 avg=7502µs
  req=23602658 err=0 grpcErr=0 avg=7492µs
  req=23694128 err=0 grpcErr=0 avg=7489µs
  req=23798391 err=0 grpcErr=0 avg=7481µs
  req=23895316 err=0 grpcErr=0 avg=7476µs
  req=23997628 err=0 grpcErr=0 avg=7469µs
  req=24102750 err=0 grpcErr=0 avg=7461µs
  req=24198754 err=0 grpcErr=0 avg=7456µs
  req=24309056 err=0 grpcErr=0 avg=7447µs
  req=24430076 err=0 grpcErr=0 avg=7435µs
  req=24551502 err=0 grpcErr=0 avg=7423µs
  req=24677752 err=0 grpcErr=0 avg=7409µs
  req=24802749 err=0 grpcErr=0 avg=7396µs
  req=24928966 err=0 grpcErr=0 avg=7382µs
  req=25050959 err=0 grpcErr=0 avg=7370µs
  req=25171373 err=0 grpcErr=0 avg=7359µs
  req=25280928 err=0 grpcErr=0 avg=7351µs
  req=25401755 err=0 grpcErr=0 avg=7339µs
  req=25521578 err=0 grpcErr=0 avg=7328µs
  req=25640416 err=0 grpcErr=0 avg=7318µs
  req=25760091 err=0 grpcErr=0 avg=7307µs
  req=25880808 err=0 grpcErr=0 avg=7296µs
  req=25991986 err=0 grpcErr=0 avg=7288µs
  req=26113983 err=0 grpcErr=0 avg=7277µs
  req=26235569 err=0 grpcErr=0 avg=7266µs
  req=26355382 err=0 grpcErr=0 avg=7256µs
  req=26479842 err=0 grpcErr=0 avg=7244µs
  req=26601891 err=0 grpcErr=0 avg=7233µs
  req=26723042 err=0 grpcErr=0 avg=7223µs
  req=26848309 err=0 grpcErr=0 avg=7212µs
  req=26971004 err=0 grpcErr=0 avg=7201µs
  req=27094063 err=0 grpcErr=0 avg=7190µs
  req=27215812 err=0 grpcErr=0 avg=7180µs
  req=27330540 err=0 grpcErr=0 avg=7172µs
  req=27449068 err=0 grpcErr=0 avg=7163µs
  req=27572683 err=0 grpcErr=0 avg=7153µs
  req=27674881 err=0 grpcErr=0 avg=7148µs
  req=27778554 err=0 grpcErr=0 avg=7143µs
  req=27891586 err=0 grpcErr=0 avg=7135µs
  req=27997261 err=0 grpcErr=0 avg=7130µs
  req=28087701 err=0 grpcErr=0 avg=7128µs
  req=28203321 err=0 grpcErr=0 avg=7120µs
  req=28316334 err=0 grpcErr=0 avg=7113µs
  req=28438907 err=0 grpcErr=0 avg=7103µs
  req=28559755 err=0 grpcErr=0 avg=7094µs
  req=28676380 err=0 grpcErr=0 avg=7086µs
  req=28796318 err=0 grpcErr=0 avg=7078µs
  req=28914615 err=0 grpcErr=0 avg=7069µs
  req=29017207 err=0 grpcErr=0 avg=7065µs
  req=29137839 err=0 grpcErr=0 avg=7056µs
  req=29256823 err=0 grpcErr=0 avg=7048µs
  req=29368478 err=0 grpcErr=0 avg=7042µs
  req=29486032 err=0 grpcErr=0 avg=7034µs
  req=29609386 err=0 grpcErr=0 avg=7025µs
  req=29732731 err=0 grpcErr=0 avg=7016µs
  req=29854883 err=0 grpcErr=0 avg=7007µs
  req=29974757 err=0 grpcErr=0 avg=6999µs
  req=30096398 err=0 grpcErr=0 avg=6991µs
  req=30217771 err=0 grpcErr=0 avg=6983µs
  req=30333761 err=0 grpcErr=0 avg=6976µs
  req=30455074 err=0 grpcErr=0 avg=6968µs
  req=30571608 err=0 grpcErr=0 avg=6961µs
  req=30690981 err=0 grpcErr=0 avg=6953µs
  req=30811218 err=0 grpcErr=0 avg=6945µs
  req=30936564 err=0 grpcErr=0 avg=6937µs
  req=31058471 err=0 grpcErr=0 avg=6929µs
  req=31184883 err=0 grpcErr=0 avg=6920µs
  req=31311754 err=0 grpcErr=0 avg=6911µs
  req=31434499 err=0 grpcErr=0 avg=6903µs
  req=31562893 err=0 grpcErr=0 avg=6894µs
  req=31685665 err=0 grpcErr=0 avg=6886µs
  req=31810455 err=0 grpcErr=0 avg=6878µs
  req=31934699 err=0 grpcErr=0 avg=6870µs
  req=32062939 err=0 grpcErr=0 avg=6861µs
  req=32187912 err=0 grpcErr=0 avg=6853µs
  req=32313086 err=0 grpcErr=0 avg=6845µs
  req=32436264 err=0 grpcErr=0 avg=6838µs
  req=32562129 err=0 grpcErr=0 avg=6830µs
  req=32680167 err=0 grpcErr=0 avg=6823µs
  req=32784158 err=0 grpcErr=0 avg=6820µs
  req=32860118 err=0 grpcErr=0 avg=6822µs
  req=33000850 err=0 grpcErr=0 avg=6811µs
  req=33153529 err=0 grpcErr=0 avg=6798µs
  req=33301807 err=0 grpcErr=0 avg=6786µs
  req=33450744 err=0 grpcErr=0 avg=6774µs
  req=33560590 err=0 grpcErr=0 avg=6769µs
  req=33683540 err=0 grpcErr=0 avg=6762µs
  req=33807630 err=0 grpcErr=0 avg=6755µs
  req=33921847 err=0 grpcErr=0 avg=6750µs
  req=34055365 err=0 grpcErr=0 avg=6741µs
  req=34182411 err=0 grpcErr=0 avg=6734µs
  req=34305127 err=0 grpcErr=0 avg=6727µs
  req=34427449 err=0 grpcErr=0 avg=6721µs
  req=34551422 err=0 grpcErr=0 avg=6714µs
  req=34676719 err=0 grpcErr=0 avg=6707µs
  req=34801881 err=0 grpcErr=0 avg=6700µs
  req=34926717 err=0 grpcErr=0 avg=6693µs
  req=35051854 err=0 grpcErr=0 avg=6686µs
  req=35177357 err=0 grpcErr=0 avg=6680µs
  req=35301818 err=0 grpcErr=0 avg=6673µs
  req=35423045 err=0 grpcErr=0 avg=6667µs
  req=35548734 err=0 grpcErr=0 avg=6660µs
  req=35664208 err=0 grpcErr=0 avg=6656µs
  req=35789712 err=0 grpcErr=0 avg=6649µs
  req=35913351 err=0 grpcErr=0 avg=6643µs
  req=36036309 err=0 grpcErr=0 avg=6637µs
  req=36160053 err=0 grpcErr=0 avg=6631µs
  req=36285622 err=0 grpcErr=0 avg=6624µs
  req=36407867 err=0 grpcErr=0 avg=6618µs
  req=36534316 err=0 grpcErr=0 avg=6612µs
  req=36652643 err=0 grpcErr=0 avg=6607µs
  req=36762890 err=0 grpcErr=0 avg=6603µs
  req=36801996 err=0 grpcErr=0 avg=6613µs
  req=36848771 err=0 grpcErr=0 avg=6621µs
  req=36939703 err=0 grpcErr=0 avg=6620µs
  req=37058575 err=0 grpcErr=0 avg=6615µs
  req=37187695 err=0 grpcErr=0 avg=6609µs
  req=37324429 err=0 grpcErr=0 avg=6600µs
  req=37446373 err=0 grpcErr=0 avg=6595µs
  req=37569020 err=0 grpcErr=0 avg=6589µs
  req=37696440 err=0 grpcErr=0 avg=6583µs
  req=37806713 err=0 grpcErr=0 avg=6580µs
  req=37943101 err=0 grpcErr=0 avg=6572µs
  req=38065365 err=0 grpcErr=0 avg=6566µs
  req=38193694 err=0 grpcErr=0 avg=6560µs
  req=38326319 err=0 grpcErr=0 avg=6553µs
  req=38436046 err=0 grpcErr=0 avg=6550µs
  req=38544864 err=0 grpcErr=0 avg=6547µs
  req=38661457 err=0 grpcErr=0 avg=6543µs
  req=38789073 err=0 grpcErr=0 avg=6537µs
  req=38919357 err=0 grpcErr=0 avg=6530µs
  req=39039839 err=0 grpcErr=0 avg=6525µs
  req=39166059 err=0 grpcErr=0 avg=6520µs
  req=39292131 err=0 grpcErr=0 avg=6514µs
  req=39420009 err=0 grpcErr=0 avg=6508µs
  req=39553169 err=0 grpcErr=0 avg=6501µs
  req=39680472 err=0 grpcErr=0 avg=6495µs
  req=39810407 err=0 grpcErr=0 avg=6489µs
  req=39939772 err=0 grpcErr=0 avg=6483µs
  req=40052333 err=0 grpcErr=0 avg=6480µs
  req=40177832 err=0 grpcErr=0 avg=6475µs
  req=40306479 err=0 grpcErr=0 avg=6469µs
  req=40428640 err=0 grpcErr=0 avg=6464µs
  req=40559374 err=0 grpcErr=0 avg=6458µs
  req=40682781 err=0 grpcErr=0 avg=6453µs
  req=40802112 err=0 grpcErr=0 avg=6449µs
  req=40927273 err=0 grpcErr=0 avg=6444µs
  req=41049377 err=0 grpcErr=0 avg=6439µs
  req=41173983 err=0 grpcErr=0 avg=6434µs
  req=41298027 err=0 grpcErr=0 avg=6430µs
  req=41414249 err=0 grpcErr=0 avg=6426µs
  req=41537281 err=0 grpcErr=0 avg=6421µs
  req=41661416 err=0 grpcErr=0 avg=6417µs
  req=41786108 err=0 grpcErr=0 avg=6412µs
  req=41902208 err=0 grpcErr=0 avg=6408µs
  req=42018554 err=0 grpcErr=0 avg=6405µs
  req=42143418 err=0 grpcErr=0 avg=6400µs
  req=42267404 err=0 grpcErr=0 avg=6396µs
  req=42392043 err=0 grpcErr=0 avg=6391µs
  req=42514732 err=0 grpcErr=0 avg=6387µs
  req=42635579 err=0 grpcErr=0 avg=6383µs
  req=42760159 err=0 grpcErr=0 avg=6378µs
  req=42883172 err=0 grpcErr=0 avg=6374µs
  req=43004911 err=0 grpcErr=0 avg=6370µs
  req=43128631 err=0 grpcErr=0 avg=6365µs
  req=43247413 err=0 grpcErr=0 avg=6362µs
  req=43372651 err=0 grpcErr=0 avg=6357µs
  req=43499121 err=0 grpcErr=0 avg=6352µs
  req=43615953 err=0 grpcErr=0 avg=6349µs
  req=43741504 err=0 grpcErr=0 avg=6344µs
  req=43869638 err=0 grpcErr=0 avg=6340µs
  req=43996376 err=0 grpcErr=0 avg=6335µs
  req=44121319 err=0 grpcErr=0 avg=6331µs
  req=44248558 err=0 grpcErr=0 avg=6326µs
  req=44371569 err=0 grpcErr=0 avg=6322µs
  req=44496502 err=0 grpcErr=0 avg=6318µs
  req=44618407 err=0 grpcErr=0 avg=6314µs
  req=44738718 err=0 grpcErr=0 avg=6310µs
  req=44862897 err=0 grpcErr=0 avg=6306µs
  req=44985518 err=0 grpcErr=0 avg=6302µs
  req=45109196 err=0 grpcErr=0 avg=6298µs
  req=45232477 err=0 grpcErr=0 avg=6294µs
  req=45350785 err=0 grpcErr=0 avg=6291µs
  req=45471276 err=0 grpcErr=0 avg=6288µs
  req=45595103 err=0 grpcErr=0 avg=6284µs
  req=45703544 err=0 grpcErr=0 avg=6282µs
  req=45744843 err=0 grpcErr=0 avg=6289µs
  req=45749060 err=0 grpcErr=0 avg=6302µs
  req=45778980 err=0 grpcErr=0 avg=6311µs
  req=45843786 err=0 grpcErr=0 avg=6315µs
  req=45935347 err=0 grpcErr=0 avg=6315µs
  req=46066432 err=0 grpcErr=0 avg=6311µs
  req=46193452 err=0 grpcErr=0 avg=6306µs
  req=46324110 err=0 grpcErr=0 avg=6301µs
  req=46455259 err=0 grpcErr=0 avg=6296µs
  req=46569310 err=0 grpcErr=0 avg=6294µs
  req=46702580 err=0 grpcErr=0 avg=6289µs
  req=46848234 err=0 grpcErr=0 avg=6282µs
  req=46967699 err=0 grpcErr=0 avg=6279µs
  req=47102070 err=0 grpcErr=0 avg=6274µs
  req=47228720 err=0 grpcErr=0 avg=6269µs
  req=47355692 err=0 grpcErr=0 avg=6265µs
  req=47489431 err=0 grpcErr=0 avg=6260µs
  req=47617794 err=0 grpcErr=0 avg=6256µs
  req=47741890 err=0 grpcErr=0 avg=6252µs
  req=47863721 err=0 grpcErr=0 avg=6249µs
  req=47991263 err=0 grpcErr=0 avg=6245µs
  req=48114455 err=0 grpcErr=0 avg=6241µs
  req=48235993 err=0 grpcErr=0 avg=6238µs
  req=48366807 err=0 grpcErr=0 avg=6233µs
  req=48497740 err=0 grpcErr=0 avg=6229µs
  req=48627224 err=0 grpcErr=0 avg=6225µs
  req=48746163 err=0 grpcErr=0 avg=6222µs
  req=48869140 err=0 grpcErr=0 avg=6218µs
  req=48997686 err=0 grpcErr=0 avg=6214µs
  req=49127008 err=0 grpcErr=0 avg=6210µs
  req=49255422 err=0 grpcErr=0 avg=6206µs
  req=49383550 err=0 grpcErr=0 avg=6202µs
  req=49498992 err=0 grpcErr=0 avg=6200µs
  req=49617277 err=0 grpcErr=0 avg=6197µs
  req=49721531 err=0 grpcErr=0 avg=6196µs
  req=49761471 err=0 grpcErr=0 avg=6203µs
  req=49765105 err=0 grpcErr=0 avg=6215µs
  req=49769196 err=0 grpcErr=0 avg=6226µs
  req=49773598 err=0 grpcErr=0 avg=6238µs
  req=49776907 err=0 grpcErr=0 avg=6249µs
  req=49780231 err=0 grpcErr=0 avg=6261µs
  req=49784515 err=0 grpcErr=0 avg=6273µs
  req=49788451 err=0 grpcErr=0 avg=6284µs
  req=49793622 err=0 grpcErr=0 avg=6295µs
  req=49798356 err=0 grpcErr=0 avg=6307µs
  req=49802756 err=0 grpcErr=0 avg=6318µs
  req=49807245 err=0 grpcErr=0 avg=6330µs
  req=49811111 err=0 grpcErr=0 avg=6342µs
  req=49815180 err=0 grpcErr=0 avg=6353µs
  req=49819772 err=0 grpcErr=0 avg=6364µs
  req=49823629 err=0 grpcErr=0 avg=6376µs
  req=49828751 err=0 grpcErr=0 avg=6387µs
  req=49832647 err=0 grpcErr=0 avg=6399µs
  req=49836773 err=0 grpcErr=0 avg=6410µs
  req=49844301 err=0 grpcErr=0 avg=6422µs
  req=49847385 err=0 grpcErr=0 avg=6433µs
  req=49850488 err=0 grpcErr=0 avg=6445µs
  req=49854864 err=0 grpcErr=0 avg=6456µs
  req=49859188 err=0 grpcErr=0 avg=6468µs
  req=49863898 err=0 grpcErr=0 avg=6479µs
  req=49868535 err=0 grpcErr=0 avg=6491µs
  req=49871651 err=0 grpcErr=0 avg=6502µs
  req=49876258 err=0 grpcErr=0 avg=6514µs
  req=49880186 err=0 grpcErr=0 avg=6525µs
  req=49883527 err=0 grpcErr=0 avg=6537µs
  req=49886959 err=0 grpcErr=0 avg=6548µs
  req=49891687 err=0 grpcErr=0 avg=6560µs
  req=49894013 err=0 grpcErr=0 avg=6571µs
  req=49898347 err=0 grpcErr=0 avg=6583µs
  req=49901497 err=0 grpcErr=0 avg=6594µs
  req=49904160 err=0 grpcErr=0 avg=6606µs
  req=49907979 err=0 grpcErr=0 avg=6618µs
  req=49911751 err=0 grpcErr=0 avg=6629µs
  req=49916574 err=0 grpcErr=0 avg=6641µs
  req=49920673 err=0 grpcErr=0 avg=6652µs
  req=49925052 err=0 grpcErr=0 avg=6664µs
  req=49930197 err=0 grpcErr=0 avg=6675µs
  req=49934353 err=0 grpcErr=0 avg=6686µs
  req=49937820 err=0 grpcErr=0 avg=6698µs
  req=49941935 err=0 grpcErr=0 avg=6709µs
  req=49946129 err=0 grpcErr=0 avg=6721µs
  req=49950133 err=0 grpcErr=0 avg=6732µs
  req=49954194 err=0 grpcErr=0 avg=6744µs
  req=49958798 err=0 grpcErr=0 avg=6755µs
  req=49962652 err=0 grpcErr=0 avg=6767µs
  req=49967165 err=0 grpcErr=0 avg=6778µs
  req=49971081 err=0 grpcErr=0 avg=6789µs
  req=49974904 err=0 grpcErr=0 avg=6801µs
  req=49979677 err=0 grpcErr=0 avg=6812µs
  req=49983235 err=0 grpcErr=0 avg=6824µs
  req=49987931 err=0 grpcErr=0 avg=6835µs
  req=49992676 err=0 grpcErr=0 avg=6846µs
  req=49997603 err=0 grpcErr=0 avg=6858µs
  req=50002605 err=0 grpcErr=0 avg=6869µs
  req=50007037 err=0 grpcErr=0 avg=6881µs
  req=50027425 err=0 grpcErr=0 avg=6890µs
  req=50031064 err=0 grpcErr=0 avg=6901µs
  req=50035224 err=0 grpcErr=0 avg=6913µs
  req=50039199 err=0 grpcErr=0 avg=6924µs
  req=50042877 err=0 grpcErr=0 avg=6936µs
  req=50046986 err=0 grpcErr=0 avg=6947µs
  req=50054729 err=0 grpcErr=0 avg=6958µs
  req=50059288 err=0 grpcErr=0 avg=6969µs
  req=50063509 err=0 grpcErr=0 avg=6981µs
  req=50068025 err=0 grpcErr=0 avg=6992µs
  req=50071550 err=0 grpcErr=0 avg=7003µs
  req=50075382 err=0 grpcErr=0 avg=7015µs
  req=50095470 err=0 grpcErr=0 avg=7024µs
  req=50215954 err=0 grpcErr=0 avg=7019µs
  req=50336873 err=0 grpcErr=0 avg=7014µs
  req=50458780 err=0 grpcErr=0 avg=7009µs
  req=50562602 err=0 grpcErr=0 avg=7007µs
  req=50609773 err=0 grpcErr=0 avg=7012µs
  req=50691893 err=0 grpcErr=0 avg=7012µs
  req=50806949 err=0 grpcErr=0 avg=7008µs
  req=50873107 err=0 grpcErr=0 avg=7011µs
  req=50958393 err=0 grpcErr=0 avg=7011µs
  req=51063673 err=0 grpcErr=0 avg=7008µs
  req=51159723 err=0 grpcErr=0 avg=7007µs
  req=51279638 err=0 grpcErr=0 avg=7002µs
  req=51394067 err=0 grpcErr=0 avg=6998µs
