fetch(i32,i32,i32,i32,i32,i32,i32,i32)->i32
fetch_read(i32,i32)->i32
get_config(i32,i32)->i32
get_method(i32,i32)->i32
get_request_header(i32,i32,i32,i32)->i32
get_uri(i32,i32)->i32
kv_get(i32,i32,i32,i32)->i32
kv_set(i32,i32,i32,i32)->i32
last_fetch_len()->i32
log(i32,i32,i32)->
read_request_body(i32,i32)->i32
set_request_header(i32,i32,i32,i32)->
set_response_header(i32,i32,i32,i32)->
set_response_status(i32)->
set_uri(i32,i32)->
write_response_body(i32,i32)->
